agree to comply with applicable laws and regulations. If you are unable
to comply with U.S. and local laws, return this product immediately.

A summary of U.S. laws governing Cisco cryptographic products may be found at:
http://www.cisco.com/wwl/export/crypto/tool/stqrg.html

If you require further assistance please contact us by sending email to
export@cisco.com.


Cisco 1841 (revision 5.0) with 114688K/16384K bytes of memory.
Processor board ID FTX0947Z18E
M860 processor: part number 0, mask 49
2 FastEthernet/IEEE 802.3 interface(s)
2 Low-speed serial(sync/async) network interface(s)
191K bytes of NVRAM.
63488K bytes of ATA CompactFlash (Read/Write)
Cisco IOS Software, 1841 Software (C1841-ADVIPSERVICESK9-M), Version 12.4(15)T1, RELEASE SOFTWARE (fc2)
Technical Support: http://www.cisco.com/techsupport
Copyright (c) 1986-2007 by Cisco Systems, Inc.
Compiled Wed 18-Jul-07 04:52 by pt_team


         --- System Configuration Dialog ---

Would you like to enter the initial configuration dialog? [yes/no]: System Bootstrap, Version 12.3(8r)T8, RELEASE SOFTWARE (fc1)
Initializing memory for ECC
..
C1841 processor with 524288 Kbytes of main memory
Main memory is configured to 64 bit mode with ECC enabled

Readonly ROMMON initialized

Self decompressing the image :
########################################################################## [OK]
              Restricted Rights Legend

Use, duplication, or disclosure by the Government is
subject to restrictions as set forth in subparagraph
(c) of the Commercial Computer Software - Restricted
Rights clause at FAR sec. 52.227-19 and subparagraph
(c) (1) (ii) of the Rights in Technical Data and Computer
Software clause at DFARS sec. 252.227-7013.

           cisco Systems, Inc.
           170 West Tasman Drive
           San Jose, California 95134-1706



Cisco IOS Software, 1841 Software (C1841-ADVIPSERVICESK9-M), Version 12.4(15)T1, RELEASE SOFTWARE (fc2)
Technical Support: http://www.cisco.com/techsupport
Copyright (c) 1986-2007 by Cisco Systems, Inc.
Compiled Wed 18-Jul-07 04:52 by pt_team
Image text-base: 0x60080608, data-base: 0x6270CD50


This product contains cryptographic features and is subject to United
States and local country laws governing import, export, transfer and
use. Delivery of Cisco cryptographic products does not imply
third-party authority to import, export, distribute or use encryption.
Importers, exporters, distributors and users are responsible for
compliance with U.S. and local country laws. By using this product you
agree to comply with applicable laws and regulations. If you are unable
to comply with U.S. and local laws, return this product immediately.

A summary of U.S. laws governing Cisco cryptographic products may be found at:
http://www.cisco.com/wwl/export/crypto/tool/stqrg.html

If you require further assistance please contact us by sending email to
export@cisco.com.


Cisco 1841 (revision 5.0) with 114688K/16384K bytes of memory.
Processor board ID FTX0947Z18E
M860 processor: part number 0, mask 49
2 FastEthernet/IEEE 802.3 interface(s)
2 Low-speed serial(sync/async) network interface(s)
191K bytes of NVRAM.
63488K bytes of ATA CompactFlash (Read/Write)
Cisco IOS Software, 1841 Software (C1841-ADVIPSERVICESK9-M), Version 12.4(15)T1, RELEASE SOFTWARE (fc2)
Technical Support: http://www.cisco.com/techsupport
Copyright (c) 1986-2007 by Cisco Systems, Inc.
Compiled Wed 18-Jul-07 04:52 by pt_team


         --- System Configuration Dialog ---

Would you like to enter the initial configuration dialog? [yes/no]: no


Press RETURN to get started!



Router>enable 
Router#conf t
Enter configuration commands, one per line.  End with CNTL/Z.
Router(config)#int fa 0/0
Router(config-if)#ip add 30.0.0.1 255.255.255.0
Router(config-if)#no shut

Router(config-if)#
%LINK-5-CHANGED: Interface FastEthernet0/0, changed state to up

%LINEPROTO-5-UPDOWN: Line protocol on Interface FastEthernet0/0, changed state to up

Router(config-if)#exit
Router(config)#int se 0/0/0
Router(config-if)#ip add 50.0.0.20 255.255.255.0
Router(config-if)#no shut

Router(config-if)#
%LINK-5-CHANGED: Interface Serial0/0/0, changed state to up
exit
Router(config)#
%LINEPROTO-5-UPDOWN: Line protocol on Interface Serial0/0/0, changed state to up

Router(config)#int se 0/0/1
Router(config-if)#ip add 60.0.0.20 255.255.255.0
Router(config-if)#no shut

Router(config-if)#
%LINK-5-CHANGED: Interface Serial0/0/1, changed state to up
exit
Router(config)#show ip int br
                ^
% Invalid input detected at '^' marker.
	
Router(config)#show ip int br
%LINEPROTO-5-UPDOWN: Line protocol on Interface Serial0/0/1, changed state to up
exit
                ^
% Invalid input detected at '^' marker.
	
Router(config)#exit
Router#
%SYS-5-CONFIG_I: Configured from console by console
show ip int br
Interface              IP-Address      OK? Method Status                Protocol 
FastEthernet0/0        30.0.0.1        YES manual up                    up 
FastEthernet0/1        unassigned      YES unset  administratively down down 
Serial0/0/0            50.0.0.20       YES manual up                    up 
Serial0/0/1            60.0.0.20       YES manual up                    up 
Vlan1                  unassigned      YES unset  administratively down down
Router#








Router con0 is now available






Press RETURN to get started.













Router>enable
Router#router ospf ?
% Unrecognized command
Router#conf t
Enter configuration commands, one per line.  End with CNTL/Z.
Router(config)#router ospf ?
  <1-65535>  Process ID
Router(config)#router ospf 
% Incomplete command.
Router(config)#router ospf 30
Router(config-router)#network 30.0.0.0?
A.B.C.D  
Router(config-router)#network 30.0.0.0 0.0.0.255 area?
area  
Router(config-router)#network 30.0.0.0 0.0.0.255 area 100
Router(config-router)#network 50.0.0.0 0.0.0.255 area 100
Router(config-router)#network 60.0.0.0 0.0.0.255 area 100
Router(config-router)#
00:49:49: %OSPF-5-ADJCHG: Process 30, Nbr 50.0.0.10 on Serial0/0/0 from LOADING to FULL, Loading Done
end
Router#
%SYS-5-CONFIG_I: Configured from console by console

00:49:55: %OSPF-5-ADJCHG: Process 30, Nbr 60.0.0.10 on Serial0/0/1 from LOADING to FULL, Loading Done
show ip ospf neighbor


Neighbor ID     Pri   State           Dead Time   Address         Interface
60.0.0.10         0   FULL/  -        00:00:32    60.0.0.10       Serial0/0/1
50.0.0.10         0   FULL/  -        00:00:36    50.0.0.10       Serial0/0/0
Router#