

This product contains cryptographic features and is subject to United
States and local country laws governing import, export, transfer and
use. Delivery of Cisco cryptographic products does not imply
third-party authority to import, export, distribute or use encryption.
Importers, exporters, distributors and users are responsible for
compliance with U.S. and local country laws. By using this product you
agree to comply with applicable laws and regulations. If you are unable
to comply with U.S. and local laws, return this product immediately.

A summary of U.S. laws governing Cisco cryptographic products may be found at:
http://www.cisco.com/wwl/export/crypto/tool/stqrg.html

If you require further assistance please contact us by sending email to
export@cisco.com.


Cisco 1841 (revision 5.0) with 114688K/16384K bytes of memory.
Processor board ID FTX0947Z18E
M860 processor: part number 0, mask 49
2 FastEthernet/IEEE 802.3 interface(s)
191K bytes of NVRAM.
63488K bytes of ATA CompactFlash (Read/Write)
Cisco IOS Software, 1841 Software (C1841-ADVIPSERVICESK9-M), Version 12.4(15)T1, RELEASE SOFTWARE (fc2)
Technical Support: http://www.cisco.com/techsupport
Copyright (c) 1986-2007 by Cisco Systems, Inc.
Compiled Wed 18-Jul-07 04:52 by pt_team


         --- System Configuration Dialog ---

Would you like to enter the initial configuration dialog? [yes/no]: System Bootstrap, Version 12.3(8r)T8, RELEASE SOFTWARE (fc1)
Initializing memory for ECC
..
C1841 processor with 524288 Kbytes of main memory
Main memory is configured to 64 bit mode with ECC enabled

Readonly ROMMON initialized

Self decompressing the image :
########################################################################## [OK]
              Restricted Rights Legend

Use, duplication, or disclosure by the Government is
subject to restrictions as set forth in subparagraph
(c) of the Commercial Computer Software - Restricted
Rights clause at FAR sec. 52.227-19 and subparagraph
(c) (1) (ii) of the Rights in Technical Data and Computer
Software clause at DFARS sec. 252.227-7013.

           cisco Systems, Inc.
           170 West Tasman Drive
           San Jose, California 95134-1706



Cisco IOS Software, 1841 Software (C1841-ADVIPSERVICESK9-M), Version 12.4(15)T1, RELEASE SOFTWARE (fc2)
Technical Support: http://www.cisco.com/techsupport
Copyright (c) 1986-2007 by Cisco Systems, Inc.
Compiled Wed 18-Jul-07 04:52 by pt_team
Image text-base: 0x60080608, data-base: 0x6270CD50


This product contains cryptographic features and is subject to United
States and local country laws governing import, export, transfer and
use. Delivery of Cisco cryptographic products does not imply
third-party authority to import, export, distribute or use encryption.
Importers, exporters, distributors and users are responsible for
compliance with U.S. and local country laws. By using this product you
agree to comply with applicable laws and regulations. If you are unable
to comply with U.S. and local laws, return this product immediately.

A summary of U.S. laws governing Cisco cryptographic products may be found at:
http://www.cisco.com/wwl/export/crypto/tool/stqrg.html

If you require further assistance please contact us by sending email to
export@cisco.com.


Cisco 1841 (revision 5.0) with 114688K/16384K bytes of memory.
Processor board ID FTX0947Z18E
M860 processor: part number 0, mask 49
2 FastEthernet/IEEE 802.3 interface(s)
2 Low-speed serial(sync/async) network interface(s)
191K bytes of NVRAM.
63488K bytes of ATA CompactFlash (Read/Write)
Cisco IOS Software, 1841 Software (C1841-ADVIPSERVICESK9-M), Version 12.4(15)T1, RELEASE SOFTWARE (fc2)
Technical Support: http://www.cisco.com/techsupport
Copyright (c) 1986-2007 by Cisco Systems, Inc.
Compiled Wed 18-Jul-07 04:52 by pt_team


         --- System Configuration Dialog ---

Would you like to enter the initial configuration dialog? [yes/no]: no


Press RETURN to get started!



Router>enable
Router#conf t
Enter configuration commands, one per line.  End with CNTL/Z.
Router(config)#int fastEthernet 0/0 10.0.0.1 255.255.255.0 
                                    ^
% Invalid input detected at '^' marker.
	
Router(config)#int fastEthernet 0/0
Router(config-if)#ip add 10.0.0.1 255.255.255.0 
Router(config-if)#no shut

Router(config-if)#
%LINK-5-CHANGED: Interface FastEthernet0/0, changed state to up

%LINEPROTO-5-UPDOWN: Line protocol on Interface FastEthernet0/0, changed state to up

Router(config-if)#exit
Router(config)#int serial 0/0/0
Router(config-if)#ip add 40.0.0.10 255.255.255.0
Router(config-if)#no shut

%LINK-5-CHANGED: Interface Serial0/0/0, changed state to down
Router(config-if)#exit
Router(config)#int se 0/0/1
Router(config-if)#ip add 60.0.0.10 255.255.255.0
Router(config-if)#exit
Router(config)#int se 0/0/1
Router(config-if)#ip add 60.0.0.10 255.255.255.0
Router(config-if)#no shut

%LINK-5-CHANGED: Interface Serial0/0/1, changed state to down
Router(config-if)#exit
Router(config)#end
Router#
%SYS-5-CONFIG_I: Configured from console by console

Router#
%LINK-5-CHANGED: Interface Serial0/0/0, changed state to up

%LINEPROTO-5-UPDOWN: Line protocol on Interface Serial0/0/0, changed state to up

%LINK-5-CHANGED: Interface Serial0/0/1, changed state to up

%LINEPROTO-5-UPDOWN: Line protocol on Interface Serial0/0/1, changed state to up

Router#show ip int br
Interface              IP-Address      OK? Method Status                Protocol 
FastEthernet0/0        10.0.0.1        YES manual up                    up 
FastEthernet0/1        unassigned      YES unset  administratively down down 
Serial0/0/0            40.0.0.10       YES manual up                    up 
Serial0/0/1            60.0.0.10       YES manual up                    up 
Vlan1                  unassigned      YES unset  administratively down down
Router#show ip int br
Interface              IP-Address      OK? Method Status                Protocol 
FastEthernet0/0        10.0.0.1        YES manual up                    up 
FastEthernet0/1        unassigned      YES unset  administratively down down 
Serial0/0/0            40.0.0.10       YES manual up                    up 
Serial0/0/1            60.0.0.10       YES manual up                    up 
Vlan1                  unassigned      YES unset  administratively down down
Router#
Router#config t
Enter configuration commands, one per line.  End with CNTL/Z.
Router(config)#router ospf 10
Router(config-router)#router ospf 10?
% Unrecognized command
Router(config-router)#router ospf 10
Router(config-router)#router ospf 10?
% Unrecognized command
Router(config-router)#router ospf ?
% Unrecognized command
Router(config-router)#router ospf 
                             ^
% Invalid input detected at '^' marker.
	
Router(config-router)#exit
Router(config)#router ospf ?
  <1-65535>  Process ID
Router(config)#router ospf 10
Router(config-router)#network 10.0.0.0 ?
  A.B.C.D  OSPF wild card bits
Router(config-router)#network 10.0.0.0 0.0.0.255 area?
area  
Router(config-router)#network 10.0.0.0 0.0.0.255 area 100
Router(config-router)#network 40.0.0.0 0.0.0.255 area 100
Router(config-router)#network 60.0.0.0 0.0.0.255 area 100
Router(config-router)#end
Router#
%SYS-5-CONFIG_I: Configured from console by console

Router#show ip ospf neighbour
                           ^
% Invalid input detected at '^' marker.
	
Router#show ip ospf neighbor

Router#
00:48:31: %OSPF-5-ADJCHG: Process 10, Nbr 50.0.0.10 on Serial0/0/0 from LOADING to FULL, Loading Done

00:50:38: %OSPF-5-ADJCHG: Process 10, Nbr 60.0.0.20 on Serial0/0/1 from LOADING to FULL, Loading Done